
optiboot_atmega328_56000baud_16MHz.elf:     file format elf32-avr

Sections:
Idx Name          Size      VMA       LMA       File off  Algn
  0 .data         00000000  00800100  00007fcc  00000260  2**0
                  CONTENTS, ALLOC, LOAD, DATA
  1 .text         000001cc  00007e00  00007e00  00000094  2**1
                  CONTENTS, ALLOC, LOAD, READONLY, CODE
  2 .version      00000002  00007ffe  00007ffe  00000260  2**0
                  CONTENTS, ALLOC, LOAD, READONLY, DATA
  3 .stab         00000d2c  00000000  00000000  00000264  2**2
                  CONTENTS, READONLY, DEBUGGING
  4 .stabstr      00000ecb  00000000  00000000  00000f90  2**0
                  CONTENTS, READONLY, DEBUGGING
  5 .comment      00000011  00000000  00000000  00001e5b  2**0
                  CONTENTS, READONLY

Disassembly of section .text:

00007e00 <main>:
    7e00:	11 24       	eor	r1, r1
    7e02:	84 b7       	in	r24, 0x34	; 52
    7e04:	14 be       	out	0x34, r1	; 52
    7e06:	98 2f       	mov	r25, r24
    7e08:	9d 70       	andi	r25, 0x0D	; 13
    7e0a:	09 f0       	breq	.+2      	; 0x7e0e <main+0xe>
    7e0c:	d9 d0       	rcall	.+434    	; 0x7fc0 <appStart>
    7e0e:	85 e0       	ldi	r24, 0x05	; 5
    7e10:	80 93 81 00 	sts	0x0081, r24	; 0x800081 <__TEXT_REGION_LENGTH__+0x7e0081>
    7e14:	82 e0       	ldi	r24, 0x02	; 2
    7e16:	80 93 c0 00 	sts	0x00C0, r24	; 0x8000c0 <__TEXT_REGION_LENGTH__+0x7e00c0>
    7e1a:	88 e1       	ldi	r24, 0x18	; 24
    7e1c:	80 93 c1 00 	sts	0x00C1, r24	; 0x8000c1 <__TEXT_REGION_LENGTH__+0x7e00c1>
    7e20:	86 e0       	ldi	r24, 0x06	; 6
    7e22:	80 93 c2 00 	sts	0x00C2, r24	; 0x8000c2 <__TEXT_REGION_LENGTH__+0x7e00c2>
    7e26:	83 e2       	ldi	r24, 0x23	; 35
    7e28:	80 93 c4 00 	sts	0x00C4, r24	; 0x8000c4 <__TEXT_REGION_LENGTH__+0x7e00c4>
    7e2c:	8e e0       	ldi	r24, 0x0E	; 14
    7e2e:	b3 d0       	rcall	.+358    	; 0x7f96 <watchdogConfig>
    7e30:	25 9a       	sbi	0x04, 5	; 4
    7e32:	86 e0       	ldi	r24, 0x06	; 6
    7e34:	20 e3       	ldi	r18, 0x30	; 48
    7e36:	3c ef       	ldi	r19, 0xFC	; 252
    7e38:	91 e0       	ldi	r25, 0x01	; 1
    7e3a:	30 93 85 00 	sts	0x0085, r19	; 0x800085 <__TEXT_REGION_LENGTH__+0x7e0085>
    7e3e:	20 93 84 00 	sts	0x0084, r18	; 0x800084 <__TEXT_REGION_LENGTH__+0x7e0084>
    7e42:	96 bb       	out	0x16, r25	; 22
    7e44:	b0 9b       	sbis	0x16, 0	; 22
    7e46:	fe cf       	rjmp	.-4      	; 0x7e44 <main+0x44>
    7e48:	1d 9a       	sbi	0x03, 5	; 3
    7e4a:	a8 95       	wdr
    7e4c:	81 50       	subi	r24, 0x01	; 1
    7e4e:	a9 f7       	brne	.-22     	; 0x7e3a <main+0x3a>
    7e50:	d0 e0       	ldi	r29, 0x00	; 0
    7e52:	c0 e0       	ldi	r28, 0x00	; 0
    7e54:	93 e0       	ldi	r25, 0x03	; 3
    7e56:	f9 2e       	mov	r15, r25
    7e58:	ee 24       	eor	r14, r14
    7e5a:	e3 94       	inc	r14
    7e5c:	25 e0       	ldi	r18, 0x05	; 5
    7e5e:	d2 2e       	mov	r13, r18
    7e60:	31 e1       	ldi	r19, 0x11	; 17
    7e62:	c3 2e       	mov	r12, r19
    7e64:	8c d0       	rcall	.+280    	; 0x7f7e <getch>
    7e66:	81 34       	cpi	r24, 0x41	; 65
    7e68:	71 f4       	brne	.+28     	; 0x7e86 <main+0x86>
    7e6a:	89 d0       	rcall	.+274    	; 0x7f7e <getch>
    7e6c:	18 2f       	mov	r17, r24
    7e6e:	99 d0       	rcall	.+306    	; 0x7fa2 <verifySpace>
    7e70:	82 e0       	ldi	r24, 0x02	; 2
    7e72:	12 38       	cpi	r17, 0x82	; 130
    7e74:	21 f0       	breq	.+8      	; 0x7e7e <main+0x7e>
    7e76:	86 e0       	ldi	r24, 0x06	; 6
    7e78:	11 38       	cpi	r17, 0x81	; 129
    7e7a:	09 f0       	breq	.+2      	; 0x7e7e <main+0x7e>
    7e7c:	83 e0       	ldi	r24, 0x03	; 3
    7e7e:	78 d0       	rcall	.+240    	; 0x7f70 <putch>
    7e80:	80 e1       	ldi	r24, 0x10	; 16
    7e82:	76 d0       	rcall	.+236    	; 0x7f70 <putch>
    7e84:	ef cf       	rjmp	.-34     	; 0x7e64 <main+0x64>
    7e86:	82 34       	cpi	r24, 0x42	; 66
    7e88:	19 f4       	brne	.+6      	; 0x7e90 <main+0x90>
    7e8a:	84 e1       	ldi	r24, 0x14	; 20
    7e8c:	92 d0       	rcall	.+292    	; 0x7fb2 <getNch>
    7e8e:	f8 cf       	rjmp	.-16     	; 0x7e80 <main+0x80>
    7e90:	85 34       	cpi	r24, 0x45	; 69
    7e92:	11 f4       	brne	.+4      	; 0x7e98 <main+0x98>
    7e94:	85 e0       	ldi	r24, 0x05	; 5
    7e96:	fa cf       	rjmp	.-12     	; 0x7e8c <main+0x8c>
    7e98:	85 35       	cpi	r24, 0x55	; 85
    7e9a:	49 f4       	brne	.+18     	; 0x7eae <main+0xae>
    7e9c:	70 d0       	rcall	.+224    	; 0x7f7e <getch>
    7e9e:	c8 2f       	mov	r28, r24
    7ea0:	d0 e0       	ldi	r29, 0x00	; 0
    7ea2:	6d d0       	rcall	.+218    	; 0x7f7e <getch>
    7ea4:	d8 2b       	or	r29, r24
    7ea6:	cc 0f       	add	r28, r28
    7ea8:	dd 1f       	adc	r29, r29
    7eaa:	7b d0       	rcall	.+246    	; 0x7fa2 <verifySpace>
    7eac:	e9 cf       	rjmp	.-46     	; 0x7e80 <main+0x80>
    7eae:	86 35       	cpi	r24, 0x56	; 86
    7eb0:	21 f4       	brne	.+8      	; 0x7eba <main+0xba>
    7eb2:	84 e0       	ldi	r24, 0x04	; 4
    7eb4:	7e d0       	rcall	.+252    	; 0x7fb2 <getNch>
    7eb6:	80 e0       	ldi	r24, 0x00	; 0
    7eb8:	e2 cf       	rjmp	.-60     	; 0x7e7e <main+0x7e>
    7eba:	84 36       	cpi	r24, 0x64	; 100
    7ebc:	09 f0       	breq	.+2      	; 0x7ec0 <main+0xc0>
    7ebe:	39 c0       	rjmp	.+114    	; 0x7f32 <main+0x132>
    7ec0:	5e d0       	rcall	.+188    	; 0x7f7e <getch>
    7ec2:	5d d0       	rcall	.+186    	; 0x7f7e <getch>
    7ec4:	98 2e       	mov	r9, r24
    7ec6:	5b d0       	rcall	.+182    	; 0x7f7e <getch>
    7ec8:	88 2e       	mov	r8, r24
    7eca:	00 e0       	ldi	r16, 0x00	; 0
    7ecc:	11 e0       	ldi	r17, 0x01	; 1
    7ece:	58 01       	movw	r10, r16
    7ed0:	8f ef       	ldi	r24, 0xFF	; 255
    7ed2:	a8 1a       	sub	r10, r24
    7ed4:	b8 0a       	sbc	r11, r24
    7ed6:	53 d0       	rcall	.+166    	; 0x7f7e <getch>
    7ed8:	f8 01       	movw	r30, r16
    7eda:	80 83       	st	Z, r24
    7edc:	85 01       	movw	r16, r10
    7ede:	9a 10       	cpse	r9, r10
    7ee0:	f6 cf       	rjmp	.-20     	; 0x7ece <main+0xce>
    7ee2:	5f d0       	rcall	.+190    	; 0x7fa2 <verifySpace>
    7ee4:	f5 e4       	ldi	r31, 0x45	; 69
    7ee6:	8f 12       	cpse	r8, r31
    7ee8:	01 c0       	rjmp	.+2      	; 0x7eec <main+0xec>
    7eea:	ff cf       	rjmp	.-2      	; 0x7eea <main+0xea>
    7eec:	fe 01       	movw	r30, r28
    7eee:	f7 be       	out	0x37, r15	; 55
    7ef0:	e8 95       	spm
    7ef2:	07 b6       	in	r0, 0x37	; 55
    7ef4:	00 fc       	sbrc	r0, 0
    7ef6:	fd cf       	rjmp	.-6      	; 0x7ef2 <main+0xf2>
    7ef8:	fe 01       	movw	r30, r28
    7efa:	a0 e0       	ldi	r26, 0x00	; 0
    7efc:	b1 e0       	ldi	r27, 0x01	; 1
    7efe:	9c 91       	ld	r25, X
    7f00:	9d 01       	movw	r18, r26
    7f02:	2e 5f       	subi	r18, 0xFE	; 254
    7f04:	3f 4f       	sbci	r19, 0xFF	; 255
    7f06:	11 96       	adiw	r26, 0x01	; 1
    7f08:	8c 91       	ld	r24, X
    7f0a:	89 27       	eor	r24, r25
    7f0c:	98 27       	eor	r25, r24
    7f0e:	89 27       	eor	r24, r25
    7f10:	0c 01       	movw	r0, r24
    7f12:	e7 be       	out	0x37, r14	; 55
    7f14:	e8 95       	spm
    7f16:	11 24       	eor	r1, r1
    7f18:	32 96       	adiw	r30, 0x02	; 2
    7f1a:	d9 01       	movw	r26, r18
    7f1c:	92 12       	cpse	r9, r18
    7f1e:	ef cf       	rjmp	.-34     	; 0x7efe <main+0xfe>
    7f20:	fe 01       	movw	r30, r28
    7f22:	d7 be       	out	0x37, r13	; 55
    7f24:	e8 95       	spm
    7f26:	07 b6       	in	r0, 0x37	; 55
    7f28:	00 fc       	sbrc	r0, 0
    7f2a:	fd cf       	rjmp	.-6      	; 0x7f26 <main+0x126>
    7f2c:	c7 be       	out	0x37, r12	; 55
    7f2e:	e8 95       	spm
    7f30:	a7 cf       	rjmp	.-178    	; 0x7e80 <main+0x80>
    7f32:	84 37       	cpi	r24, 0x74	; 116
    7f34:	71 f4       	brne	.+28     	; 0x7f52 <main+0x152>
    7f36:	23 d0       	rcall	.+70     	; 0x7f7e <getch>
    7f38:	22 d0       	rcall	.+68     	; 0x7f7e <getch>
    7f3a:	b8 2e       	mov	r11, r24
    7f3c:	20 d0       	rcall	.+64     	; 0x7f7e <getch>
    7f3e:	31 d0       	rcall	.+98     	; 0x7fa2 <verifySpace>
    7f40:	8e 01       	movw	r16, r28
    7f42:	f8 01       	movw	r30, r16
    7f44:	85 91       	lpm	r24, Z+
    7f46:	8f 01       	movw	r16, r30
    7f48:	13 d0       	rcall	.+38     	; 0x7f70 <putch>
    7f4a:	ba 94       	dec	r11
    7f4c:	b1 10       	cpse	r11, r1
    7f4e:	f9 cf       	rjmp	.-14     	; 0x7f42 <main+0x142>
    7f50:	97 cf       	rjmp	.-210    	; 0x7e80 <main+0x80>
    7f52:	85 37       	cpi	r24, 0x75	; 117
    7f54:	39 f4       	brne	.+14     	; 0x7f64 <main+0x164>
    7f56:	25 d0       	rcall	.+74     	; 0x7fa2 <verifySpace>
    7f58:	8e e1       	ldi	r24, 0x1E	; 30
    7f5a:	0a d0       	rcall	.+20     	; 0x7f70 <putch>
    7f5c:	85 e9       	ldi	r24, 0x95	; 149
    7f5e:	08 d0       	rcall	.+16     	; 0x7f70 <putch>
    7f60:	8f e0       	ldi	r24, 0x0F	; 15
    7f62:	8d cf       	rjmp	.-230    	; 0x7e7e <main+0x7e>
    7f64:	81 35       	cpi	r24, 0x51	; 81
    7f66:	09 f0       	breq	.+2      	; 0x7f6a <main+0x16a>
    7f68:	a0 cf       	rjmp	.-192    	; 0x7eaa <main+0xaa>
    7f6a:	88 e0       	ldi	r24, 0x08	; 8
    7f6c:	14 d0       	rcall	.+40     	; 0x7f96 <watchdogConfig>
    7f6e:	9d cf       	rjmp	.-198    	; 0x7eaa <main+0xaa>

00007f70 <putch>:
  }
}

void putch(char ch) {
#ifndef SOFT_UART
  while (!(UART_SRA & _BV(UDRE0)));
    7f70:	90 91 c0 00 	lds	r25, 0x00C0	; 0x8000c0 <__TEXT_REGION_LENGTH__+0x7e00c0>
    7f74:	95 ff       	sbrs	r25, 5
    7f76:	fc cf       	rjmp	.-8      	; 0x7f70 <putch>
  UART_UDR = ch;
    7f78:	80 93 c6 00 	sts	0x00C6, r24	; 0x8000c6 <__TEXT_REGION_LENGTH__+0x7e00c6>
      [uartBit] "I" (UART_TX_BIT)
    :
      "r25"
  );
#endif
}
    7f7c:	08 95       	ret

00007f7e <getch>:
      [uartBit] "I" (UART_RX_BIT)
    :
      "r25"
);
#else
  while(!(UART_SRA & _BV(RXC0)))
    7f7e:	80 91 c0 00 	lds	r24, 0x00C0	; 0x8000c0 <__TEXT_REGION_LENGTH__+0x7e00c0>
    7f82:	87 ff       	sbrs	r24, 7
    7f84:	fc cf       	rjmp	.-8      	; 0x7f7e <getch>
    ;
  if (!(UART_SRA & _BV(FE0))) {
    7f86:	80 91 c0 00 	lds	r24, 0x00C0	; 0x8000c0 <__TEXT_REGION_LENGTH__+0x7e00c0>
    7f8a:	84 fd       	sbrc	r24, 4
    7f8c:	01 c0       	rjmp	.+2      	; 0x7f90 <getch+0x12>
}
#endif

// Watchdog functions. These are only safe with interrupts turned off.
void watchdogReset() {
  __asm__ __volatile__ (
    7f8e:	a8 95       	wdr
  ch = UART_UDR;
    7f90:	80 91 c6 00 	lds	r24, 0x00C6	; 0x8000c6 <__TEXT_REGION_LENGTH__+0x7e00c6>
}
    7f94:	08 95       	ret

00007f96 <watchdogConfig>:
    "wdr\n"
  );
}

void watchdogConfig(uint8_t x) {
  WDTCSR = _BV(WDCE) | _BV(WDE);
    7f96:	e0 e6       	ldi	r30, 0x60	; 96
    7f98:	f0 e0       	ldi	r31, 0x00	; 0
    7f9a:	98 e1       	ldi	r25, 0x18	; 24
    7f9c:	90 83       	st	Z, r25
  WDTCSR = x;
    7f9e:	80 83       	st	Z, r24
}
    7fa0:	08 95       	ret

00007fa2 <verifySpace>:
  if (getch() != CRC_EOP) {
    7fa2:	ed df       	rcall	.-38     	; 0x7f7e <getch>
    7fa4:	80 32       	cpi	r24, 0x20	; 32
    7fa6:	19 f0       	breq	.+6      	; 0x7fae <verifySpace+0xc>
    watchdogConfig(WATCHDOG_16MS);    // shorten WD timeout
    7fa8:	88 e0       	ldi	r24, 0x08	; 8
    7faa:	f5 df       	rcall	.-22     	; 0x7f96 <watchdogConfig>
    7fac:	ff cf       	rjmp	.-2      	; 0x7fac <verifySpace+0xa>
  putch(STK_INSYNC);
    7fae:	84 e1       	ldi	r24, 0x14	; 20
    7fb0:	df cf       	rjmp	.-66     	; 0x7f70 <putch>

00007fb2 <getNch>:
void getNch(uint8_t count) {
    7fb2:	cf 93       	push	r28
    7fb4:	c8 2f       	mov	r28, r24
  do getch(); while (--count);
    7fb6:	e3 df       	rcall	.-58     	; 0x7f7e <getch>
    7fb8:	c1 50       	subi	r28, 0x01	; 1
    7fba:	e9 f7       	brne	.-6      	; 0x7fb6 <getNch+0x4>
}
    7fbc:	cf 91       	pop	r28
  verifySpace();
    7fbe:	f1 cf       	rjmp	.-30     	; 0x7fa2 <verifySpace>

00007fc0 <appStart>:

void appStart(uint8_t rstFlags) {
  // save the reset flags in the designated register
  //  This can be saved in a main program by putting code in .init0 (which
  //  executes before normal c init code) to save R2 to a global variable.
  __asm__ __volatile__ ("mov r2, %0\n" :: "r" (rstFlags));
    7fc0:	28 2e       	mov	r2, r24

  watchdogConfig(WATCHDOG_OFF);
    7fc2:	80 e0       	ldi	r24, 0x00	; 0
    7fc4:	e8 df       	rcall	.-48     	; 0x7f96 <watchdogConfig>
    7fc6:	e0 e0       	ldi	r30, 0x00	; 0
  // Note that appstart_vec is defined so that this works with either
  // real or virtual boot partitions.
  __asm__ __volatile__ (
    7fc8:	ff 27       	eor	r31, r31
    7fca:	09 94       	ijmp
